=== RUN   TestTryEnqueueBatch
--- PASS: TestTryEnqueueBatch (0.00s)
=== RUN   TestTryEnqueueBatchEmpty
--- PASS: TestTryEnqueueBatchEmpty (0.00s)
=== RUN   TestTryEnqueueBatchMemoryLimit
--- PASS: TestTryEnqueueBatchMemoryLimit (0.00s)
=== RUN   TestTryEnqueueBatchAtomicity
--- PASS: TestTryEnqueueBatchAtomicity (0.00s)
=== RUN   TestEnqueueBatchBlocking
--- PASS: TestEnqueueBatchBlocking (3.11s)
=== RUN   TestTryReadBatch
--- PASS: TestTryReadBatch (0.00s)
=== RUN   TestTryReadBatchEmpty
--- PASS: TestTryReadBatchEmpty (0.00s)
=== RUN   TestTryReadBatchZeroLimit
--- PASS: TestTryReadBatchZeroLimit (0.00s)
=== RUN   TestTryReadBatchNegativeLimit
--- PASS: TestTryReadBatchNegativeLimit (0.00s)
=== RUN   TestReadBatchBlocking
--- PASS: TestReadBatchBlocking (0.10s)
=== RUN   TestBatchOperationsConcurrent
--- PASS: TestBatchOperationsConcurrent (0.02s)
=== RUN   TestBatchOperationsCrossChunkBoundary
--- PASS: TestBatchOperationsCrossChunkBoundary (0.01s)
=== RUN   TestTryEnqueueBatchPartialSpace
--- PASS: TestTryEnqueueBatchPartialSpace (0.00s)
=== RUN   TestReadBatchFewerItemsThanRequested
--- PASS: TestReadBatchFewerItemsThanRequested (0.00s)
=== RUN   TestMultipleProducersBlockedOnFull
    blocking_edge_cases_test.go:49: Expired 4325 items
    blocking_edge_cases_test.go:73: Completed producers: 5/5
--- PASS: TestMultipleProducersBlockedOnFull (3.21s)
=== RUN   TestMultipleConsumersBlockedOnEmpty
--- PASS: TestMultipleConsumersBlockedOnEmpty (0.46s)
=== RUN   TestBlockingEnqueueInterruptedByClose
    blocking_edge_cases_test.go:156: Got error: queue closed: cannot perform enqueue operation
--- PASS: TestBlockingEnqueueInterruptedByClose (0.11s)
=== RUN   TestBlockingReadInterruptedByClose
--- PASS: TestBlockingReadInterruptedByClose (0.10s)
=== RUN   TestRaceBetweenBlockingAndClose
--- PASS: TestRaceBetweenBlockingAndClose (0.01s)
=== RUN   TestBlockingReadBatchInterruptedByClose
--- PASS: TestBlockingReadBatchInterruptedByClose (0.10s)
=== RUN   TestBlockingEnqueueBatchInterruptedByClose
--- PASS: TestBlockingEnqueueBatchInterruptedByClose (0.11s)
=== RUN   TestBlockingOperationsSpuriousWakeup
--- PASS: TestBlockingOperationsSpuriousWakeup (6.31s)
=== RUN   TestConcurrentBlockingAndNonBlocking
    blocking_edge_cases_test.go:411: Blocking Read consumer done
    blocking_edge_cases_test.go:384: Blocking Enqueue producer done
    blocking_edge_cases_test.go:396: TryRead consumer done
    blocking_edge_cases_test.go:371: TryEnqueue producer done
    blocking_edge_cases_test.go:415: All waitgroups done
    blocking_edge_cases_test.go:422: Successful enqueues: 150
--- PASS: TestConcurrentBlockingAndNonBlocking (0.11s)
=== RUN   TestBlockingEnqueue
--- PASS: TestBlockingEnqueue (3.61s)
=== RUN   TestBlockingRead
--- PASS: TestBlockingRead (0.60s)
=== RUN   TestTryEnqueueNonBlocking
--- PASS: TestTryEnqueueNonBlocking (0.01s)
=== RUN   TestTryReadNonBlocking
--- PASS: TestTryReadNonBlocking (0.00s)
=== RUN   TestBlockingReadBatch
--- PASS: TestBlockingReadBatch (0.60s)
=== RUN   TestQueue_ConcurrentMapIterationPanic
=== PAUSE TestQueue_ConcurrentMapIterationPanic
=== RUN   TestConfigurableMemoryLimit
--- PASS: TestConfigurableMemoryLimit (0.00s)
=== RUN   TestMemoryCaching
--- PASS: TestMemoryCaching (0.00s)
=== RUN   TestBatchMemoryValidation
--- PASS: TestBatchMemoryValidation (0.00s)
=== RUN   TestConsumerGroup_Distribution
--- PASS: TestConsumerGroup_Distribution (0.00s)
=== RUN   TestConsumerGroup_MixedWithIndependent
--- PASS: TestConsumerGroup_MixedWithIndependent (0.00s)
=== RUN   TestConsumerGroup_Expiration
--- PASS: TestConsumerGroup_Expiration (0.20s)
=== RUN   TestConsumerHistoryLimit
--- PASS: TestConsumerHistoryLimit (0.00s)
=== RUN   TestConsumerHistoryLimit_Rolling
--- PASS: TestConsumerHistoryLimit_Rolling (0.00s)
=== RUN   TestGetUnreadCountAccuracy
    consumer_info_test.go:61: Unread count after reading all items: 0
--- PASS: TestGetUnreadCountAccuracy (0.00s)
=== RUN   TestGetUnreadCountWithNoData
--- PASS: TestGetUnreadCountWithNoData (0.00s)
=== RUN   TestGetUnreadCountDuringConcurrentEnqueue
--- PASS: TestGetUnreadCountDuringConcurrentEnqueue (0.00s)
=== RUN   TestGetUnreadCountAfterExpiration
--- PASS: TestGetUnreadCountAfterExpiration (2.00s)
=== RUN   TestGetPositionInitial
--- PASS: TestGetPositionInitial (0.00s)
=== RUN   TestGetPositionAfterReads
--- PASS: TestGetPositionAfterReads (0.00s)
=== RUN   TestGetPositionConsistency
--- PASS: TestGetPositionConsistency (0.00s)
=== RUN   TestGetDequeueHistoryGrowth
--- PASS: TestGetDequeueHistoryGrowth (0.00s)
=== RUN   TestGetDequeueHistoryConcurrent
--- PASS: TestGetDequeueHistoryConcurrent (0.00s)
=== RUN   TestGetDequeueHistoryUnboundedGrowth
    consumer_info_test.go:359: Note: Dequeue history grows unbounded (1000 entries)
--- PASS: TestGetDequeueHistoryUnboundedGrowth (0.00s)
=== RUN   TestHasMoreDataAtChunkBoundary
    consumer_info_test.go:388: TryRead last item: &{39421 999 {2026-05-24 17:35:53.855716 -0400 EDT m=+20.811058209 has-more-boundary-test enqueue} 2026-05-24 17:35:53.855716 -0400 EDT m=+20.811058209 226 {{} 0}}
    consumer_info_test.go:392: HasMoreData after read: false
--- PASS: TestHasMoreDataAtChunkBoundary (0.00s)
=== RUN   TestHasMoreDataCrossChunk
--- PASS: TestHasMoreDataCrossChunk (0.00s)
=== RUN   TestHasMoreDataWithConcurrentEnqueue
--- PASS: TestHasMoreDataWithConcurrentEnqueue (0.05s)
=== RUN   TestMultipleConsumersPositionIndependence
--- PASS: TestMultipleConsumersPositionIndependence (0.00s)
=== RUN   TestRemoveConsumer
--- PASS: TestRemoveConsumer (0.00s)
=== RUN   TestRemoveConsumerNonExistent
--- PASS: TestRemoveConsumerNonExistent (0.00s)
=== RUN   TestRemoveConsumerDuringRead
--- PASS: TestRemoveConsumerDuringRead (0.01s)
=== RUN   TestGetConsumer
--- PASS: TestGetConsumer (0.00s)
=== RUN   TestGetAllConsumers
--- PASS: TestGetAllConsumers (0.00s)
=== RUN   TestGetAllConsumersConcurrent
--- PASS: TestGetAllConsumersConcurrent (0.00s)
=== RUN   TestConsumerCleanupOnRemoval
--- PASS: TestConsumerCleanupOnRemoval (0.00s)
=== RUN   TestAddConsumerAfterQueueHasData
--- PASS: TestAddConsumerAfterQueueHasData (0.00s)
=== RUN   TestConcurrentConsumerAddRemove
--- PASS: TestConcurrentConsumerAddRemove (0.00s)
=== RUN   TestConsumer_PointerRetention
--- PASS: TestConsumer_PointerRetention (0.10s)
=== RUN   TestConsumerGroup_PointerRetention
--- PASS: TestConsumerGroup_PointerRetention (0.10s)
=== RUN   TestEnqueueWithContext
--- PASS: TestEnqueueWithContext (0.10s)
=== RUN   TestReadWithContext
--- PASS: TestReadWithContext (0.15s)
=== RUN   TestEnqueueBatchWithContext
--- PASS: TestEnqueueBatchWithContext (0.05s)
=== RUN   TestReadBatchWithContext
--- PASS: TestReadBatchWithContext (0.05s)
=== RUN   TestContextCancellationConcurrent
--- PASS: TestContextCancellationConcurrent (0.05s)
=== RUN   TestChunkedList_GetTotalItems
--- PASS: TestChunkedList_GetTotalItems (0.00s)
=== RUN   TestChunkedList_GetLastElement
--- PASS: TestChunkedList_GetLastElement (0.00s)
=== RUN   TestChunkedList_GetChunk
--- PASS: TestChunkedList_GetChunk (0.00s)
=== RUN   TestChunkedList_GetChunkData
--- PASS: TestChunkedList_GetChunkData (0.00s)
=== RUN   TestChunkedList_IsEmpty
--- PASS: TestChunkedList_IsEmpty (0.00s)
=== RUN   TestChunkedList_GetMemoryUsage
--- PASS: TestChunkedList_GetMemoryUsage (0.00s)
=== RUN   TestChunkedList_IterateFrom
--- PASS: TestChunkedList_IterateFrom (0.00s)
=== RUN   TestChunkedList_CountItemsFrom
--- PASS: TestChunkedList_CountItemsFrom (0.00s)
=== RUN   TestChunkedList_RemoveExpiredData
--- PASS: TestChunkedList_RemoveExpiredData (0.00s)
=== RUN   TestChunkedList_MultipleChunks
--- PASS: TestChunkedList_MultipleChunks (0.00s)
=== RUN   TestConsumer_GetNotificationChannel
--- PASS: TestConsumer_GetNotificationChannel (0.00s)
=== RUN   TestConsumer_GetPosition
--- PASS: TestConsumer_GetPosition (0.00s)
=== RUN   TestConsumer_ReadWithContext
--- PASS: TestConsumer_ReadWithContext (0.10s)
=== RUN   TestConsumer_TryReadBatch
--- PASS: TestConsumer_TryReadBatch (0.00s)
=== RUN   TestConsumer_ReadBatch
--- PASS: TestConsumer_ReadBatch (0.05s)
=== RUN   TestConsumer_ReadBatchWithContext
--- PASS: TestConsumer_ReadBatchWithContext (0.10s)
=== RUN   TestConsumer_HasMoreData
--- PASS: TestConsumer_HasMoreData (0.00s)
=== RUN   TestConsumer_GetUnreadCount
--- PASS: TestConsumer_GetUnreadCount (0.00s)
=== RUN   TestConsumer_GetStats
--- PASS: TestConsumer_GetStats (0.00s)
=== RUN   TestConsumer_GetDequeueHistory
--- PASS: TestConsumer_GetDequeueHistory (0.00s)
=== RUN   TestConsumer_ReadWhere_Uncovered
--- PASS: TestConsumer_ReadWhere_Uncovered (0.05s)
=== RUN   TestCrossQueueLeak
Before TryRead: c1 HasMoreData() = false
--- PASS: TestCrossQueueLeak (0.00s)
=== RUN   TestCyclicPayloadMemoryEstimation
--- PASS: TestCyclicPayloadMemoryEstimation (0.00s)
=== RUN   TestMemoryLimitErrorFields
--- PASS: TestMemoryLimitErrorFields (0.00s)
=== RUN   TestMemoryLimitErrorMessage
--- PASS: TestMemoryLimitErrorMessage (0.00s)
=== RUN   TestNilPayload
--- PASS: TestNilPayload (0.00s)
=== RUN   TestExtremelyLargePayload
--- PASS: TestExtremelyLargePayload (0.00s)
=== RUN   TestEnqueueOversizedPayloadBlocksForever
--- PASS: TestEnqueueOversizedPayloadBlocksForever (0.00s)
=== RUN   TestPayloadIntegrity
=== RUN   TestPayloadIntegrity/string
=== RUN   TestPayloadIntegrity/int
=== RUN   TestPayloadIntegrity/float
=== RUN   TestPayloadIntegrity/bool
=== RUN   TestPayloadIntegrity/slice
=== RUN   TestPayloadIntegrity/map
    error_handling_test.go:190: Failed to enqueue map: memory limit exceeded: current=9310, max=1048576, needed=1099511627994
=== RUN   TestPayloadIntegrity/struct
=== RUN   TestPayloadIntegrity/nil
--- FAIL: TestPayloadIntegrity (0.00s)
    --- PASS: TestPayloadIntegrity/string (0.00s)
    --- PASS: TestPayloadIntegrity/int (0.00s)
    --- PASS: TestPayloadIntegrity/float (0.00s)
    --- PASS: TestPayloadIntegrity/bool (0.00s)
    --- PASS: TestPayloadIntegrity/slice (0.00s)
    --- FAIL: TestPayloadIntegrity/map (0.00s)
    --- PASS: TestPayloadIntegrity/struct (0.00s)
    --- PASS: TestPayloadIntegrity/nil (0.00s)
=== RUN   TestPayloadWithSpecialCharacters
--- PASS: TestPayloadWithSpecialCharacters (0.00s)
=== RUN   TestMemoryAccuracyStrings
    error_handling_test.go:270: String length: 38, Memory used: 8405 (overhead ratio: 221.2x)
--- PASS: TestMemoryAccuracyStrings (0.00s)
=== RUN   TestMemoryAccuracySlices
--- PASS: TestMemoryAccuracySlices (0.00s)
=== RUN   TestMemoryAccuracyMaps
    error_handling_test.go:320: Failed to enqueue: memory limit exceeded: current=0, max=1048576, needed=1099511627988
--- FAIL: TestMemoryAccuracyMaps (0.00s)
=== RUN   TestMemoryAccuracyStructs
--- PASS: TestMemoryAccuracyStructs (0.00s)
=== RUN   TestMemoryReleasedAfterExpiration
--- PASS: TestMemoryReleasedAfterExpiration (2.00s)
=== RUN   TestExactlyAtMemoryLimit
--- PASS: TestExactlyAtMemoryLimit (0.00s)
=== RUN   TestOneByteUnderMemoryLimit
--- PASS: TestOneByteUnderMemoryLimit (0.00s)
=== RUN   TestErrorHandlingConcurrent
--- PASS: TestErrorHandlingConcurrent (0.10s)
=== RUN   TestQueueClosedError
--- PASS: TestQueueClosedError (0.00s)
=== RUN   TestConsumerNotFoundError
--- PASS: TestConsumerNotFoundError (0.00s)
=== RUN   TestInvalidPositionError
--- PASS: TestInvalidPositionError (0.00s)
=== RUN   TestMemoryLimitError
--- PASS: TestMemoryLimitError (0.00s)
=== RUN   TestQueueError
--- PASS: TestQueueError (0.00s)
=== RUN   TestQueueClosedError_Actual
--- PASS: TestQueueClosedError_Actual (0.00s)
=== RUN   TestQueueClosedError_Batch
--- PASS: TestQueueClosedError_Batch (0.00s)
=== RUN   TestMemoryLimitError_Actual
--- PASS: TestMemoryLimitError_Actual (0.00s)
=== RUN   TestMemoryLeakOnExpiration
    expiration_fixes_test.go:34: Memory before expiration: 110272 bytes
    expiration_fixes_test.go:47: Memory after expiration: 0 bytes
--- PASS: TestMemoryLeakOnExpiration (0.10s)
=== RUN   TestConsumerPositionAfterPartialExpiration
--- PASS: TestConsumerPositionAfterPartialExpiration (0.11s)
=== RUN   TestConsumerReadingDuringExpiration
--- PASS: TestConsumerReadingDuringExpiration (0.10s)
=== RUN   TestMultipleConsumersAfterExpiration
--- PASS: TestMultipleConsumersAfterExpiration (0.11s)
=== RUN   TestExpiration
--- PASS: TestExpiration (0.15s)
=== RUN   TestConsumerNotificationOnExpiration
--- PASS: TestConsumerNotificationOnExpiration (0.15s)
=== RUN   TestPartialExpiration
--- PASS: TestPartialExpiration (0.25s)
=== RUN   TestConsumerPartialRead
--- PASS: TestConsumerPartialRead (0.15s)
=== RUN   TestMultipleConsumersExpiration
--- PASS: TestMultipleConsumersExpiration (0.15s)
=== RUN   TestExpirationDisabled
--- PASS: TestExpirationDisabled (0.20s)
=== RUN   TestLongRunningExpiration
    expiration_test.go:312: Added 59 items, read 19 items, 0 items remaining
    expiration_test.go:332: Final stats: TotalItems=0, notificationCount=25
    expiration_test.go:337: Received 25 expiration notifications
--- PASS: TestLongRunningExpiration (5.00s)
=== RUN   TestCustomTTL
=== RUN   TestCustomTTL/very_short
=== RUN   TestCustomTTL/short
=== RUN   TestCustomTTL/medium
--- PASS: TestCustomTTL (0.90s)
    --- PASS: TestCustomTTL/very_short (0.10s)
    --- PASS: TestCustomTTL/short (0.25s)
    --- PASS: TestCustomTTL/medium (0.55s)
=== RUN   TestRuntimeTTLChange
--- PASS: TestRuntimeTTLChange (0.10s)
=== RUN   TestTryReadWhere_BasicFiltering
--- PASS: TestTryReadWhere_BasicFiltering (0.00s)
=== RUN   TestTryReadWhere_NoMatch
--- PASS: TestTryReadWhere_NoMatch (0.00s)
=== RUN   TestTryReadWhere_NilPredicate
--- PASS: TestTryReadWhere_NilPredicate (0.00s)
=== RUN   TestTryReadWhere_EmptyQueue
--- PASS: TestTryReadWhere_EmptyQueue (0.00s)
=== RUN   TestReadWhere_Blocking
--- PASS: TestReadWhere_Blocking (0.10s)
=== RUN   TestReadWhereWithContext_Cancellation
--- PASS: TestReadWhereWithContext_Cancellation (0.05s)
=== RUN   TestReadWhereWithContext_Timeout
--- PASS: TestReadWhereWithContext_Timeout (0.10s)
=== RUN   TestReadWhereWithContext_Success
--- PASS: TestReadWhereWithContext_Success (0.00s)
=== RUN   TestReadWhereWithContext_NilPredicate
--- PASS: TestReadWhereWithContext_NilPredicate (0.00s)
=== RUN   TestFiltering_MultipleConsumers
--- PASS: TestFiltering_MultipleConsumers (0.00s)
=== RUN   TestFiltering_ConcurrentEnqueueAndFilter
--- PASS: TestFiltering_ConcurrentEnqueueAndFilter (0.00s)
=== RUN   TestFiltering_QueueClosed
--- PASS: TestFiltering_QueueClosed (0.05s)
=== RUN   TestFiltering_ComplexPredicate
--- PASS: TestFiltering_ComplexPredicate (0.00s)
=== RUN   TestGlobalPoolRace
--- PASS: TestGlobalPoolRace (0.05s)
=== RUN   TestHasMoreDataRace
--- PASS: TestHasMoreDataRace (0.11s)
=== RUN   TestHasMoreDataWithReading
--- PASS: TestHasMoreDataWithReading (0.06s)
=== RUN   TestMultipleConsumersHasMoreData
--- PASS: TestMultipleConsumersHasMoreData (0.07s)
=== RUN   TestCloseBasic
--- PASS: TestCloseBasic (0.00s)
=== RUN   TestCloseIdempotent
--- PASS: TestCloseIdempotent (0.00s)
=== RUN   TestCloseConcurrent
--- PASS: TestCloseConcurrent (0.00s)
=== RUN   TestCloseWithContext
--- PASS: TestCloseWithContext (0.00s)
=== RUN   TestCloseWithContextTimeout
--- PASS: TestCloseWithContextTimeout (0.11s)
=== RUN   TestCloseWhileBlockedEnqueue
--- PASS: TestCloseWhileBlockedEnqueue (0.11s)
=== RUN   TestCloseWhileBlockedRead
--- PASS: TestCloseWhileBlockedRead (0.10s)
=== RUN   TestOperationsOnClosedQueue
--- PASS: TestOperationsOnClosedQueue (0.00s)
=== RUN   TestCloseWhileExpirationRunning
--- PASS: TestCloseWhileExpirationRunning (1.51s)
=== RUN   TestMultipleBlockedOperationsOnClose
--- PASS: TestMultipleBlockedOperationsOnClose (0.11s)
=== RUN   TestCloseMemoryLeak
--- PASS: TestCloseMemoryLeak (0.00s)
=== RUN   TestCloseWithActiveReads
--- PASS: TestCloseWithActiveReads (0.05s)
=== RUN   TestQueue_MemoryLimitBypass_NegativeSizeable
=== PAUSE TestQueue_MemoryLimitBypass_NegativeSizeable
=== RUN   TestMapBypassMemoryLimit
    map_bypass_test.go:24: Safe: memory limit exceeded: current=0, max=1024, needed=1099511627982
--- PASS: TestMapBypassMemoryLimit (0.00s)
=== RUN   TestMemoryAccuracy
--- PASS: TestMemoryAccuracy (0.00s)
=== RUN   TestNotificationBufferFull
--- PASS: TestNotificationBufferFull (0.11s)
=== RUN   TestBatchMemoryOverflow
    overflow_test.go:26: Safe: integer overflow in batch memory calculation
--- PASS: TestBatchMemoryOverflow (0.00s)
=== RUN   TestChunkNodePooling
--- PASS: TestChunkNodePooling (0.00s)
=== RUN   TestNewQueue
--- PASS: TestNewQueue (0.00s)
=== RUN   TestEnqueueDequeue
--- PASS: TestEnqueueDequeue (0.00s)
=== RUN   TestMultipleConsumers
--- PASS: TestMultipleConsumers (0.00s)
=== RUN   TestNewConsumerReadsAllData
--- PASS: TestNewConsumerReadsAllData (0.00s)
=== RUN   TestConcurrentProducers
    queue_test.go:165: Producer 7 failed to enqueue item 0: memory limit exceeded: current=0, max=1048576, needed=1099511627982
    queue_test.go:165: Producer 9 failed to enqueue item 0: memory limit exceeded: current=0, max=1048576, needed=1099511627982
    queue_test.go:165: Producer 2 failed to enqueue item 0: memory limit exceeded: current=0, max=1048576, needed=1099511627982
    queue_test.go:165: Producer 6 failed to enqueue item 0: memory limit exceeded: current=0, max=1048576, needed=1099511627982
    queue_test.go:165: Producer 1 failed to enqueue item 0: memory limit exceeded: current=0, max=1048576, needed=1099511627982
    queue_test.go:165: Producer 4 failed to enqueue item 0: memory limit exceeded: current=0, max=1048576, needed=1099511627982
    queue_test.go:165: Producer 3 failed to enqueue item 0: memory limit exceeded: current=0, max=1048576, needed=1099511627982
    queue_test.go:165: Producer 0 failed to enqueue item 0: memory limit exceeded: current=0, max=1048576, needed=1099511627982
    queue_test.go:165: Producer 8 failed to enqueue item 0: memory limit exceeded: current=0, max=1048576, needed=1099511627982
    queue_test.go:165: Producer 5 failed to enqueue item 0: memory limit exceeded: current=0, max=1048576, needed=1099511627982
    queue_test.go:178: Expected 1000 total items, got 0
    queue_test.go:193: Consumer read 0 items, expected 1000
--- FAIL: TestConcurrentProducers (0.00s)
=== RUN   TestConcurrentConsumers
--- PASS: TestConcurrentConsumers (0.00s)
=== RUN   TestMemoryLimit
    queue_test.go:278: Enqueued 10 large items, memory usage: 1034212 bytes (98.63%)
--- PASS: TestMemoryLimit (0.00s)
=== RUN   TestEnqueueBatch
--- PASS: TestEnqueueBatch (0.00s)
=== RUN   TestChunkedStorage
--- PASS: TestChunkedStorage (0.01s)
=== RUN   TestConsumerStats
--- PASS: TestConsumerStats (0.00s)
=== RUN   TestConcurrentDequeueNoRace
--- PASS: TestConcurrentDequeueNoRace (0.00s)
=== RUN   TestMassiveConcurrentDequeue
--- PASS: TestMassiveConcurrentDequeue (0.01s)
=== RUN   TestConcurrentProducersAndConsumersNoRace
    race_test.go:141: Producer 6 failed to enqueue: memory limit exceeded: current=0, max=1048576, needed=1099511627999
    race_test.go:141: Producer 6 failed to enqueue: memory limit exceeded: current=0, max=1048576, needed=1099511627999
    race_test.go:141: Producer 6 failed to enqueue: memory limit exceeded: current=0, max=1048576, needed=1099511627999
    race_test.go:141: Producer 6 failed to enqueue: memory limit exceeded: current=0, max=1048576, needed=1099511627999
    race_test.go:141: Producer 6 failed to enqueue: memory limit exceeded: current=0, max=1048576, needed=1099511627999
    race_test.go:141: Producer 6 failed to enqueue: memory limit exceeded: current=0, max=1048576, needed=1099511627999
    race_test.go:141: Producer 6 failed to enqueue: memory limit exceeded: current=0, max=1048576, needed=1099511627999
    race_test.go:141: Producer 6 failed to enqueue: memory limit exceeded: current=0, max=1048576, needed=1099511627999
    race_test.go:141: Producer 6 failed to enqueue: memory limit exceeded: current=0, max=1048576, needed=1099511627999
    race_test.go:141: Producer 6 failed to enqueue: memory limit exceeded: current=0, max=1048576, needed=1099511627999
    race_test.go:141: Producer 6 failed to enqueue: memory limit exceeded: current=0, max=1048576, needed=1099511627999
    race_test.go:141: Producer 6 failed to enqueue: memory limit exceeded: current=0, max=1048576, needed=1099511627999
    race_test.go:141: Producer 6 failed to enqueue: memory limit exceeded: current=0, max=1048576, needed=1099511627999
    race_test.go:141: Producer 6 failed to enqueue: memory limit exceeded: current=0, max=1048576, needed=1099511627999
    race_test.go:141: Producer 6 failed to enqueue: memory limit exceeded: current=0, max=1048576, needed=1099511627999
    race_test.go:141: Producer 6 failed to enqueue: memory limit exceeded: current=0, max=1048576, needed=1099511627999
    race_test.go:141: Producer 6 failed to enqueue: memory limit exceeded: current=0, max=1048576, needed=1099511627999
    race_test.go:141: Producer 6 failed to enqueue: memory limit exceeded: current=0, max=1048576, needed=1099511627999
    race_test.go:141: Producer 6 failed to enqueue: memory limit exceeded: current=0, max=1048576, needed=1099511627999
    race_test.go:141: Producer 6 failed to enqueue: memory limit exceeded: current=0, max=1048576, needed=1099511627999
    race_test.go:141: Producer 6 failed to enqueue: memory limit exceeded: current=0, max=1048576, needed=1099511627999
    race_test.go:141: Producer 6 failed to enqueue: memory limit exceeded: current=0, max=1048576, needed=1099511627999
    race_test.go:141: Producer 9 failed to enqueue: memory limit exceeded: current=0, max=1048576, needed=1099511627999
    race_test.go:141: Producer 9 failed to enqueue: memory limit exceeded: current=0, max=1048576, needed=1099511627999
    race_test.go:141: Producer 7 failed to enqueue: memory limit exceeded: current=0, max=1048576, needed=1099511627999
    race_test.go:141: Producer 3 failed to enqueue: memory limit exceeded: current=0, max=1048576, needed=1099511627999
    race_test.go:141: Producer 8 failed to enqueue: memory limit exceeded: current=0, max=1048576, needed=1099511627999
    race_test.go:141: Producer 4 failed to enqueue: memory limit exceeded: current=0, max=1048576, needed=1099511627999
    race_test.go:141: Producer 1 failed to enqueue: memory limit exceeded: current=0, max=1048576, needed=1099511627999
    race_test.go:141: Producer 0 failed to enqueue: memory limit exceeded: current=0, max=1048576, needed=1099511627999
    race_test.go:141: Producer 5 failed to enqueue: memory limit exceeded: current=0, max=1048576, needed=1099511627999
    race_test.go:141: Producer 2 failed to enqueue: memory limit exceeded: current=0, max=1048576, needed=1099511627999
    race_test.go:141: Producer 6 failed to enqueue: memory limit exceeded: current=0, max=1048576, needed=1099511627999
    race_test.go:141: Producer 5 failed to enqueue: memory limit exceeded: current=0, max=1048576, needed=1099511627999
    race_test.go:141: Producer 6 failed to enqueue: memory limit exceeded: current=0, max=1048576, needed=1099511627999
    race_test.go:141: Producer 5 failed to enqueue: memory limit exceeded: current=0, max=1048576, needed=1099511627999
    race_test.go:141: Producer 9 failed to enqueue: memory limit exceeded: current=0, max=1048576, needed=1099511627999
    race_test.go:141: Producer 9 failed to enqueue: memory limit exceeded: current=0, max=1048576, needed=1099511627999
    race_test.go:141: Producer 9 failed to enqueue: memory limit exceeded: current=0, max=1048576, needed=1099511627999
    race_test.go:141: Producer 9 failed to enqueue: memory limit exceeded: current=0, max=1048576, needed=1099511627999
    race_test.go:141: Producer 9 failed to enqueue: memory limit exceeded: current=0, max=1048576, needed=1099511627999
    race_test.go:141: Producer 9 failed to enqueue: memory limit exceeded: current=0, max=1048576, needed=1099511627999
    race_test.go:141: Producer 9 failed to enqueue: memory limit exceeded: current=0, max=1048576, needed=1099511627999
    race_test.go:141: Producer 9 failed to enqueue: memory limit exceeded: current=0, max=1048576, needed=1099511627999
    race_test.go:141: Producer 9 failed to enqueue: memory limit exceeded: current=0, max=1048576, needed=1099511627999
    race_test.go:141: Producer 9 failed to enqueue: memory limit exceeded: current=0, max=1048576, needed=1099511627999
    race_test.go:141: Producer 9 failed to enqueue: memory limit exceeded: current=0, max=1048576, needed=1099511627999
    race_test.go:141: Producer 9 failed to enqueue: memory limit exceeded: current=0, max=1048576, needed=1099511627999
    race_test.go:141: Producer 7 failed to enqueue: memory limit exceeded: current=0, max=1048576, needed=1099511627999
    race_test.go:141: Producer 9 failed to enqueue: memory limit exceeded: current=0, max=1048576, needed=1099511627999
    race_test.go:141: Producer 7 failed to enqueue: memory limit exceeded: current=0, max=1048576, needed=1099511627999
    race_test.go:141: Producer 7 failed to enqueue: memory limit exceeded: current=0, max=1048576, needed=1099511627999
    race_test.go:141: Producer 7 failed to enqueue: memory limit exceeded: current=0, max=1048576, needed=1099511627999
    race_test.go:141: Producer 7 failed to enqueue: memory limit exceeded: current=0, max=1048576, needed=1099511627999
    race_test.go:141: Producer 7 failed to enqueue: memory limit exceeded: current=0, max=1048576, needed=1099511627999
    race_test.go:141: Producer 7 failed to enqueue: memory limit exceeded: current=0, max=1048576, needed=1099511627999
    race_test.go:141: Producer 7 failed to enqueue: memory limit exceeded: current=0, max=1048576, needed=1099511627999
    race_test.go:141: Producer 7 failed to enqueue: memory limit exceeded: current=0, max=1048576, needed=1099511627999
    race_test.go:141: Producer 7 failed to enqueue: memory limit exceeded: current=0, max=1048576, needed=1099511627999
    race_test.go:141: Producer 7 failed to enqueue: memory limit exceeded: current=0, max=1048576, needed=1099511627999
    race_test.go:141: Producer 3 failed to enqueue: memory limit exceeded: current=0, max=1048576, needed=1099511627999
    race_test.go:141: Producer 8 failed to enqueue: memory limit exceeded: current=0, max=1048576, needed=1099511627999
    race_test.go:141: Producer 4 failed to enqueue: memory limit exceeded: current=0, max=1048576, needed=1099511627999
    race_test.go:141: Producer 1 failed to enqueue: memory limit exceeded: current=0, max=1048576, needed=1099511627999
    race_test.go:141: Producer 0 failed to enqueue: memory limit exceeded: current=0, max=1048576, needed=1099511627999
    race_test.go:141: Producer 2 failed to enqueue: memory limit exceeded: current=0, max=1048576, needed=1099511627999
    race_test.go:141: Producer 6 failed to enqueue: memory limit exceeded: current=0, max=1048576, needed=1099511627999
    race_test.go:141: Producer 9 failed to enqueue: memory limit exceeded: current=0, max=1048576, needed=1099511627999
    race_test.go:141: Producer 6 failed to enqueue: memory limit exceeded: current=0, max=1048576, needed=1099511627999
    race_test.go:141: Producer 5 failed to enqueue: memory limit exceeded: current=0, max=1048576, needed=1099511627999
    race_test.go:141: Producer 7 failed to enqueue: memory limit exceeded: current=0, max=1048576, needed=1099511627999
    race_test.go:141: Producer 5 failed to enqueue: memory limit exceeded: current=0, max=1048576, needed=1099511627999
    race_test.go:141: Producer 5 failed to enqueue: memory limit exceeded: current=0, max=1048576, needed=1099511627999
    race_test.go:141: Producer 5 failed to enqueue: memory limit exceeded: current=0, max=1048576, needed=1099511627999
    race_test.go:141: Producer 5 failed to enqueue: memory limit exceeded: current=0, max=1048576, needed=1099511627999
    race_test.go:141: Producer 5 failed to enqueue: memory limit exceeded: current=0, max=1048576, needed=1099511627999
    race_test.go:141: Producer 5 failed to enqueue: memory limit exceeded: current=0, max=1048576, needed=1099511627999
    race_test.go:141: Producer 5 failed to enqueue: memory limit exceeded: current=0, max=1048576, needed=1099511627999
    race_test.go:141: Producer 5 failed to enqueue: memory limit exceeded: current=0, max=1048576, needed=1099511627999
    race_test.go:141: Producer 5 failed to enqueue: memory limit exceeded: current=0, max=1048576, needed=1099511627999
    race_test.go:141: Producer 5 failed to enqueue: memory limit exceeded: current=0, max=1048576, needed=1099511627999
    race_test.go:141: Producer 5 failed to enqueue: memory limit exceeded: current=0, max=1048576, needed=1099511627999
    race_test.go:141: Producer 5 failed to enqueue: memory limit exceeded: current=0, max=1048576, needed=1099511627999
    race_test.go:141: Producer 5 failed to enqueue: memory limit exceeded: current=0, max=1048576, needed=1099511627999
    race_test.go:141: Producer 5 failed to enqueue: memory limit exceeded: current=0, max=1048576, needed=1099511627999
    race_test.go:141: Producer 5 failed to enqueue: memory limit exceeded: current=0, max=1048576, needed=1099511627999
    race_test.go:141: Producer 5 failed to enqueue: memory limit exceeded: current=0, max=1048576, needed=1099511627999
    race_test.go:141: Producer 3 failed to enqueue: memory limit exceeded: current=0, max=1048576, needed=1099511627999
    race_test.go:141: Producer 5 failed to enqueue: memory limit exceeded: current=0, max=1048576, needed=1099511627999
    race_test.go:141: Producer 8 failed to enqueue: memory limit exceeded: current=0, max=1048576, needed=1099511627999
    race_test.go:141: Producer 5 failed to enqueue: memory limit exceeded: current=0, max=1048576, needed=1099511627999
    race_test.go:141: Producer 8 failed to enqueue: memory limit exceeded: current=0, max=1048576, needed=1099511627999
    race_test.go:141: Producer 8 failed to enqueue: memory limit exceeded: current=0, max=1048576, needed=1099511627999
    race_test.go:141: Producer 8 failed to enqueue: memory limit exceeded: current=0, max=1048576, needed=1099511627999
    race_test.go:141: Producer 8 failed to enqueue: memory limit exceeded: current=0, max=1048576, needed=1099511627999
    race_test.go:141: Producer 8 failed to enqueue: memory limit exceeded: current=0, max=1048576, needed=1099511627999
    race_test.go:141: Producer 4 failed to enqueue: memory limit exceeded: current=0, max=1048576, needed=1099511627999
    race_test.go:141: Producer 4 failed to enqueue: memory limit exceeded: current=0, max=1048576, needed=1099511627999
    race_test.go:141: Producer 4 failed to enqueue: memory limit exceeded: current=0, max=1048576, needed=1099511627999
    race_test.go:141: Producer 1 failed to enqueue: memory limit exceeded: current=0, max=1048576, needed=1099511627999
    race_test.go:141: Producer 0 failed to enqueue: memory limit exceeded: current=0, max=1048576, needed=1099511627999
    race_test.go:141: Producer 2 failed to enqueue: memory limit exceeded: current=0, max=1048576, needed=1099511627999
    race_test.go:141: Producer 9 failed to enqueue: memory limit exceeded: current=0, max=1048576, needed=1099511627999
    race_test.go:141: Producer 3 failed to enqueue: memory limit exceeded: current=0, max=1048576, needed=1099511627999
    race_test.go:141: Producer 7 failed to enqueue: memory limit exceeded: current=0, max=1048576, needed=1099511627999
    race_test.go:141: Producer 9 failed to enqueue: memory limit exceeded: current=0, max=1048576, needed=1099511627999
    race_test.go:141: Producer 7 failed to enqueue: memory limit exceeded: current=0, max=1048576, needed=1099511627999
    race_test.go:141: Producer 5 failed to enqueue: memory limit exceeded: current=0, max=1048576, needed=1099511627999
    race_test.go:141: Producer 9 failed to enqueue: memory limit exceeded: current=0, max=1048576, needed=1099511627999
    race_test.go:141: Producer 6 failed to enqueue: memory limit exceeded: current=0, max=1048576, needed=1099511627999
    race_test.go:141: Producer 9 failed to enqueue: memory limit exceeded: current=0, max=1048576, needed=1099511627999
    race_test.go:141: Producer 6 failed to enqueue: memory limit exceeded: current=0, max=1048576, needed=1099511627999
    race_test.go:141: Producer 3 failed to enqueue: memory limit exceeded: current=0, max=1048576, needed=1099511627999
    race_test.go:141: Producer 7 failed to enqueue: memory limit exceeded: current=0, max=1048576, needed=1099511627999
    race_test.go:141: Producer 3 failed to enqueue: memory limit exceeded: current=0, max=1048576, needed=1099511627999
    race_test.go:141: Producer 6 failed to enqueue: memory limit exceeded: current=0, max=1048576, needed=1099511627999
    race_test.go:141: Producer 9 failed to enqueue: memory limit exceeded: current=0, max=1048576, needed=1099511627999
    race_test.go:141: Producer 8 failed to enqueue: memory limit exceeded: current=0, max=1048576, needed=1099511627999
    race_test.go:141: Producer 9 failed to enqueue: memory limit exceeded: current=0, max=1048576, needed=1099511627999
    race_test.go:141: Producer 7 failed to enqueue: memory limit exceeded: current=0, max=1048576, needed=1099511627999
    race_test.go:141: Producer 6 failed to enqueue: memory limit exceeded: current=0, max=1048576, needed=1099511627999
    race_test.go:141: Producer 8 failed to enqueue: memory limit exceeded: current=0, max=1048576, needed=1099511627999
    race_test.go:141: Producer 6 failed to enqueue: memory limit exceeded: current=0, max=1048576, needed=1099511627999
    race_test.go:141: Producer 4 failed to enqueue: memory limit exceeded: current=0, max=1048576, needed=1099511627999
    race_test.go:141: Producer 1 failed to enqueue: memory limit exceeded: current=0, max=1048576, needed=1099511627999
    race_test.go:141: Producer 4 failed to enqueue: memory limit exceeded: current=0, max=1048576, needed=1099511627999
    race_test.go:141: Producer 4 failed to enqueue: memory limit exceeded: current=0, max=1048576, needed=1099511627999
    race_test.go:141: Producer 4 failed to enqueue: memory limit exceeded: current=0, max=1048576, needed=1099511627999
    race_test.go:141: Producer 4 failed to enqueue: memory limit exceeded: current=0, max=1048576, needed=1099511627999
    race_test.go:141: Producer 4 failed to enqueue: memory limit exceeded: current=0, max=1048576, needed=1099511627999
    race_test.go:141: Producer 4 failed to enqueue: memory limit exceeded: current=0, max=1048576, needed=1099511627999
    race_test.go:141: Producer 4 failed to enqueue: memory limit exceeded: current=0, max=1048576, needed=1099511627999
    race_test.go:141: Producer 4 failed to enqueue: memory limit exceeded: current=0, max=1048576, needed=1099511627999
    race_test.go:141: Producer 4 failed to enqueue: memory limit exceeded: current=0, max=1048576, needed=1099511627999
    race_test.go:141: Producer 4 failed to enqueue: memory limit exceeded: current=0, max=1048576, needed=1099511627999
    race_test.go:141: Producer 4 failed to enqueue: memory limit exceeded: current=0, max=1048576, needed=1099511627999
    race_test.go:141: Producer 4 failed to enqueue: memory limit exceeded: current=0, max=1048576, needed=1099511627999
    race_test.go:141: Producer 4 failed to enqueue: memory limit exceeded: current=0, max=1048576, needed=1099511627999
    race_test.go:141: Producer 4 failed to enqueue: memory limit exceeded: current=0, max=1048576, needed=1099511627999
    race_test.go:141: Producer 4 failed to enqueue: memory limit exceeded: current=0, max=1048576, needed=1099511627999
    race_test.go:141: Producer 4 failed to enqueue: memory limit exceeded: current=0, max=1048576, needed=1099511627999
    race_test.go:141: Producer 4 failed to enqueue: memory limit exceeded: current=0, max=1048576, needed=1099511627999
    race_test.go:141: Producer 4 failed to enqueue: memory limit exceeded: current=0, max=1048576, needed=1099511627999
    race_test.go:141: Producer 4 failed to enqueue: memory limit exceeded: current=0, max=1048576, needed=1099511627999
    race_test.go:141: Producer 4 failed to enqueue: memory limit exceeded: current=0, max=1048576, needed=1099511627999
    race_test.go:141: Producer 4 failed to enqueue: memory limit exceeded: current=0, max=1048576, needed=1099511627999
    race_test.go:141: Producer 4 failed to enqueue: memory limit exceeded: current=0, max=1048576, needed=1099511627999
    race_test.go:141: Producer 4 failed to enqueue: memory limit exceeded: current=0, max=1048576, needed=1099511627999
    race_test.go:141: Producer 4 failed to enqueue: memory limit exceeded: current=0, max=1048576, needed=1099511627999
    race_test.go:141: Producer 4 failed to enqueue: memory limit exceeded: current=0, max=1048576, needed=1099511627999
    race_test.go:141: Producer 4 failed to enqueue: memory limit exceeded: current=0, max=1048576, needed=1099511627999
    race_test.go:141: Producer 4 failed to enqueue: memory limit exceeded: current=0, max=1048576, needed=1099511627999
    race_test.go:141: Producer 4 failed to enqueue: memory limit exceeded: current=0, max=1048576, needed=1099511627999
    race_test.go:141: Producer 4 failed to enqueue: memory limit exceeded: current=0, max=1048576, needed=1099511627999
    race_test.go:141: Producer 4 failed to enqueue: memory limit exceeded: current=0, max=1048576, needed=1099511627999
    race_test.go:141: Producer 6 failed to enqueue: memory limit exceeded: current=0, max=1048576, needed=1099511627999
    race_test.go:141: Producer 2 failed to enqueue: memory limit exceeded: current=0, max=1048576, needed=1099511627999
    race_test.go:141: Producer 5 failed to enqueue: memory limit exceeded: current=0, max=1048576, needed=1099511627999
    race_test.go:141: Producer 3 failed to enqueue: memory limit exceeded: current=0, max=1048576, needed=1099511627999
    race_test.go:141: Producer 9 failed to enqueue: memory limit exceeded: current=0, max=1048576, needed=1099511627999
    race_test.go:141: Producer 7 failed to enqueue: memory limit exceeded: current=0, max=1048576, needed=1099511627999
    race_test.go:141: Producer 8 failed to enqueue: memory limit exceeded: current=0, max=1048576, needed=1099511627999
    race_test.go:141: Producer 0 failed to enqueue: memory limit exceeded: current=0, max=1048576, needed=1099511627999
    race_test.go:141: Producer 1 failed to enqueue: memory limit exceeded: current=0, max=1048576, needed=1099511627999
    race_test.go:141: Producer 4 failed to enqueue: memory limit exceeded: current=0, max=1048576, needed=1099511627999
    race_test.go:141: Producer 4 failed to enqueue: memory limit exceeded: current=0, max=1048576, needed=1099511627999
    race_test.go:141: Producer 4 failed to enqueue: memory limit exceeded: current=0, max=1048576, needed=1099511627999
    race_test.go:141: Producer 4 failed to enqueue: memory limit exceeded: current=0, max=1048576, needed=1099511627999
    race_test.go:141: Producer 4 failed to enqueue: memory limit exceeded: current=0, max=1048576, needed=1099511627999
    race_test.go:141: Producer 4 failed to enqueue: memory limit exceeded: current=0, max=1048576, needed=1099511627999
    race_test.go:141: Producer 4 failed to enqueue: memory limit exceeded: current=0, max=1048576, needed=1099511627999
    race_test.go:141: Producer 4 failed to enqueue: memory limit exceeded: current=0, max=1048576, needed=1099511627999
    race_test.go:141: Producer 4 failed to enqueue: memory limit exceeded: current=0, max=1048576, needed=1099511627999
    race_test.go:141: Producer 4 failed to enqueue: memory limit exceeded: current=0, max=1048576, needed=1099511627999
    race_test.go:141: Producer 4 failed to enqueue: memory limit exceeded: current=0, max=1048576, needed=1099511627999
    race_test.go:141: Producer 4 failed to enqueue: memory limit exceeded: current=0, max=1048576, needed=1099511627999
    race_test.go:141: Producer 4 failed to enqueue: memory limit exceeded: current=0, max=1048576, needed=1099511627999
    race_test.go:141: Producer 6 failed to enqueue: memory limit exceeded: current=0, max=1048576, needed=1099511627999
    race_test.go:141: Producer 2 failed to enqueue: memory limit exceeded: current=0, max=1048576, needed=1099511627999
    race_test.go:141: Producer 5 failed to enqueue: memory limit exceeded: current=0, max=1048576, needed=1099511627999
    race_test.go:141: Producer 3 failed to enqueue: memory limit exceeded: current=0, max=1048576, needed=1099511627999
    race_test.go:141: Producer 7 failed to enqueue: memory limit exceeded: current=0, max=1048576, needed=1099511627999
    race_test.go:141: Producer 9 failed to enqueue: memory limit exceeded: current=0, max=1048576, needed=1099511627999
    race_test.go:141: Producer 7 failed to enqueue: memory limit exceeded: current=0, max=1048576, needed=1099511627999
    race_test.go:141: Producer 9 failed to enqueue: memory limit exceeded: current=0, max=1048576, needed=1099511627999
    race_test.go:141: Producer 3 failed to enqueue: memory limit exceeded: current=0, max=1048576, needed=1099511627999
    race_test.go:141: Producer 9 failed to enqueue: memory limit exceeded: current=0, max=1048576, needed=1099511627999
    race_test.go:141: Producer 3 failed to enqueue: memory limit exceeded: current=0, max=1048576, needed=1099511627999
    race_test.go:141: Producer 0 failed to enqueue: memory limit exceeded: current=0, max=1048576, needed=1099511627999
    race_test.go:141: Producer 3 failed to enqueue: memory limit exceeded: current=0, max=1048576, needed=1099511627999
    race_test.go:141: Producer 3 failed to enqueue: memory limit exceeded: current=0, max=1048576, needed=1099511627999
    race_test.go:141: Producer 3 failed to enqueue: memory limit exceeded: current=0, max=1048576, needed=1099511627999
    race_test.go:141: Producer 3 failed to enqueue: memory limit exceeded: current=0, max=1048576, needed=1099511627999
    race_test.go:141: Producer 4 failed to enqueue: memory limit exceeded: current=0, max=1048576, needed=1099511627999
    race_test.go:141: Producer 3 failed to enqueue: memory limit exceeded: current=0, max=1048576, needed=1099511627999
    race_test.go:141: Producer 1 failed to enqueue: memory limit exceeded: current=0, max=1048576, needed=1099511627999
    race_test.go:141: Producer 6 failed to enqueue: memory limit exceeded: current=0, max=1048576, needed=1099511627999
    race_test.go:141: Producer 1 failed to enqueue: memory limit exceeded: current=0, max=1048576, needed=1099511627999
    race_test.go:141: Producer 6 failed to enqueue: memory limit exceeded: current=0, max=1048576, needed=1099511627999
    race_test.go:141: Producer 1 failed to enqueue: memory limit exceeded: current=0, max=1048576, needed=1099511627999
    race_test.go:141: Producer 6 failed to enqueue: memory limit exceeded: current=0, max=1048576, needed=1099511627999
    race_test.go:141: Producer 1 failed to enqueue: memory limit exceeded: current=0, max=1048576, needed=1099511627999
    race_test.go:141: Producer 6 failed to enqueue: memory limit exceeded: current=0, max=1048576, needed=1099511627999
    race_test.go:141: Producer 1 failed to enqueue: memory limit exceeded: current=0, max=1048576, needed=1099511627999
    race_test.go:141: Producer 6 failed to enqueue: memory limit exceeded: current=0, max=1048576, needed=1099511627999
    race_test.go:141: Producer 1 failed to enqueue: memory limit exceeded: current=0, max=1048576, needed=1099511627999
    race_test.go:141: Producer 1 failed to enqueue: memory limit exceeded: current=0, max=1048576, needed=1099511627999
    race_test.go:141: Producer 1 failed to enqueue: memory limit exceeded: current=0, max=1048576, needed=1099511627999
    race_test.go:141: Producer 1 failed to enqueue: memory limit exceeded: current=0, max=1048576, needed=1099511627999
    race_test.go:141: Producer 1 failed to enqueue: memory limit exceeded: current=0, max=1048576, needed=1099511627999
    race_test.go:141: Producer 1 failed to enqueue: memory limit exceeded: current=0, max=1048576, needed=1099511627999
    race_test.go:141: Producer 1 failed to enqueue: memory limit exceeded: current=0, max=1048576, needed=1099511627999
    race_test.go:141: Producer 1 failed to enqueue: memory limit exceeded: current=0, max=1048576, needed=1099511627999
    race_test.go:141: Producer 1 failed to enqueue: memory limit exceeded: current=0, max=1048576, needed=1099511627999
    race_test.go:141: Producer 1 failed to enqueue: memory limit exceeded: current=0, max=1048576, needed=1099511627999
    race_test.go:141: Producer 1 failed to enqueue: memory limit exceeded: current=0, max=1048576, needed=1099511627999
    race_test.go:141: Producer 1 failed to enqueue: memory limit exceeded: current=0, max=1048576, needed=1099511627999
    race_test.go:141: Producer 1 failed to enqueue: memory limit exceeded: current=0, max=1048576, needed=1099511627999
    race_test.go:141: Producer 2 failed to enqueue: memory limit exceeded: current=0, max=1048576, needed=1099511627999
    race_test.go:141: Producer 5 failed to enqueue: memory limit exceeded: current=0, max=1048576, needed=1099511627999
    race_test.go:141: Producer 2 failed to enqueue: memory limit exceeded: current=0, max=1048576, needed=1099511627999
    race_test.go:141: Producer 8 failed to enqueue: memory limit exceeded: current=0, max=1048576, needed=1099511627999
    race_test.go:141: Producer 7 failed to enqueue: memory limit exceeded: current=0, max=1048576, needed=1099511627999
    race_test.go:141: Producer 9 failed to enqueue: memory limit exceeded: current=0, max=1048576, needed=1099511627999
    race_test.go:141: Producer 8 failed to enqueue: memory limit exceeded: current=0, max=1048576, needed=1099511627999
    race_test.go:141: Producer 0 failed to enqueue: memory limit exceeded: current=0, max=1048576, needed=1099511627999
    race_test.go:141: Producer 8 failed to enqueue: memory limit exceeded: current=0, max=1048576, needed=1099511627999
    race_test.go:141: Producer 0 failed to enqueue: memory limit exceeded: current=0, max=1048576, needed=1099511627999
    race_test.go:141: Producer 8 failed to enqueue: memory limit exceeded: current=0, max=1048576, needed=1099511627999
    race_test.go:141: Producer 0 failed to enqueue: memory limit exceeded: current=0, max=1048576, needed=1099511627999
    race_test.go:141: Producer 0 failed to enqueue: memory limit exceeded: current=0, max=1048576, needed=1099511627999
    race_test.go:141: Producer 0 failed to enqueue: memory limit exceeded: current=0, max=1048576, needed=1099511627999
    race_test.go:141: Producer 0 failed to enqueue: memory limit exceeded: current=0, max=1048576, needed=1099511627999
    race_test.go:141: Producer 0 failed to enqueue: memory limit exceeded: current=0, max=1048576, needed=1099511627999
    race_test.go:141: Producer 0 failed to enqueue: memory limit exceeded: current=0, max=1048576, needed=1099511627999
    race_test.go:141: Producer 0 failed to enqueue: memory limit exceeded: current=0, max=1048576, needed=1099511627999
    race_test.go:141: Producer 0 failed to enqueue: memory limit exceeded: current=0, max=1048576, needed=1099511627999
    race_test.go:141: Producer 0 failed to enqueue: memory limit exceeded: current=0, max=1048576, needed=1099511627999
    race_test.go:141: Producer 3 failed to enqueue: memory limit exceeded: current=0, max=1048576, needed=1099511627999
    race_test.go:141: Producer 6 failed to enqueue: memory limit exceeded: current=0, max=1048576, needed=1099511627999
    race_test.go:141: Producer 3 failed to enqueue: memory limit exceeded: current=0, max=1048576, needed=1099511627999
    race_test.go:141: Producer 1 failed to enqueue: memory limit exceeded: current=0, max=1048576, needed=1099511627999
    race_test.go:141: Producer 5 failed to enqueue: memory limit exceeded: current=0, max=1048576, needed=1099511627999
    race_test.go:141: Producer 5 failed to enqueue: memory limit exceeded: current=0, max=1048576, needed=1099511627999
    race_test.go:141: Producer 5 failed to enqueue: memory limit exceeded: current=0, max=1048576, needed=1099511627999
    race_test.go:141: Producer 5 failed to enqueue: memory limit exceeded: current=0, max=1048576, needed=1099511627999
    race_test.go:141: Producer 5 failed to enqueue: memory limit exceeded: current=0, max=1048576, needed=1099511627999
    race_test.go:141: Producer 5 failed to enqueue: memory limit exceeded: current=0, max=1048576, needed=1099511627999
    race_test.go:141: Producer 5 failed to enqueue: memory limit exceeded: current=0, max=1048576, needed=1099511627999
    race_test.go:141: Producer 5 failed to enqueue: memory limit exceeded: current=0, max=1048576, needed=1099511627999
    race_test.go:141: Producer 5 failed to enqueue: memory limit exceeded: current=0, max=1048576, needed=1099511627999
    race_test.go:141: Producer 5 failed to enqueue: memory limit exceeded: current=0, max=1048576, needed=1099511627999
    race_test.go:141: Producer 5 failed to enqueue: memory limit exceeded: current=0, max=1048576, needed=1099511627999
    race_test.go:141: Producer 5 failed to enqueue: memory limit exceeded: current=0, max=1048576, needed=1099511627999
    race_test.go:141: Producer 5 failed to enqueue: memory limit exceeded: current=0, max=1048576, needed=1099511627999
    race_test.go:141: Producer 5 failed to enqueue: memory limit exceeded: current=0, max=1048576, needed=1099511627999
    race_test.go:141: Producer 2 failed to enqueue: memory limit exceeded: current=0, max=1048576, needed=1099511627999
    race_test.go:141: Producer 2 failed to enqueue: memory limit exceeded: current=0, max=1048576, needed=1099511627999
    race_test.go:141: Producer 7 failed to enqueue: memory limit exceeded: current=0, max=1048576, needed=1099511627999
    race_test.go:141: Producer 9 failed to enqueue: memory limit exceeded: current=0, max=1048576, needed=1099511627999
    race_test.go:141: Producer 8 failed to enqueue: memory limit exceeded: current=0, max=1048576, needed=1099511627999
    race_test.go:141: Producer 0 failed to enqueue: memory limit exceeded: current=0, max=1048576, needed=1099511627999
    race_test.go:141: Producer 6 failed to enqueue: memory limit exceeded: current=0, max=1048576, needed=1099511627999
    race_test.go:141: Producer 8 failed to enqueue: memory limit exceeded: current=0, max=1048576, needed=1099511627999
    race_test.go:141: Producer 3 failed to enqueue: memory limit exceeded: current=0, max=1048576, needed=1099511627999
    race_test.go:141: Producer 0 failed to enqueue: memory limit exceeded: current=0, max=1048576, needed=1099511627999
    race_test.go:141: Producer 8 failed to enqueue: memory limit exceeded: current=0, max=1048576, needed=1099511627999
    race_test.go:141: Producer 1 failed to enqueue: memory limit exceeded: current=0, max=1048576, needed=1099511627999
    race_test.go:141: Producer 3 failed to enqueue: memory limit exceeded: current=0, max=1048576, needed=1099511627999
    race_test.go:141: Producer 0 failed to enqueue: memory limit exceeded: current=0, max=1048576, needed=1099511627999
    race_test.go:141: Producer 3 failed to enqueue: memory limit exceeded: current=0, max=1048576, needed=1099511627999
    race_test.go:141: Producer 1 failed to enqueue: memory limit exceeded: current=0, max=1048576, needed=1099511627999
    race_test.go:141: Producer 3 failed to enqueue: memory limit exceeded: current=0, max=1048576, needed=1099511627999
    race_test.go:141: Producer 2 failed to enqueue: memory limit exceeded: current=0, max=1048576, needed=1099511627999
    race_test.go:141: Producer 0 failed to enqueue: memory limit exceeded: current=0, max=1048576, needed=1099511627999
    race_test.go:141: Producer 5 failed to enqueue: memory limit exceeded: current=0, max=1048576, needed=1099511627999
    race_test.go:141: Producer 3 failed to enqueue: memory limit exceeded: current=0, max=1048576, needed=1099511627999
    race_test.go:141: Producer 0 failed to enqueue: memory limit exceeded: current=0, max=1048576, needed=1099511627999
    race_test.go:141: Producer 2 failed to enqueue: memory limit exceeded: current=0, max=1048576, needed=1099511627999
    race_test.go:141: Producer 7 failed to enqueue: memory limit exceeded: current=0, max=1048576, needed=1099511627999
    race_test.go:141: Producer 1 failed to enqueue: memory limit exceeded: current=0, max=1048576, needed=1099511627999
    race_test.go:141: Producer 6 failed to enqueue: memory limit exceeded: current=0, max=1048576, needed=1099511627999
    race_test.go:141: Producer 0 failed to enqueue: memory limit exceeded: current=0, max=1048576, needed=1099511627999
    race_test.go:141: Producer 9 failed to enqueue: memory limit exceeded: current=0, max=1048576, needed=1099511627999
    race_test.go:141: Producer 6 failed to enqueue: memory limit exceeded: current=0, max=1048576, needed=1099511627999
    race_test.go:141: Producer 0 failed to enqueue: memory limit exceeded: current=0, max=1048576, needed=1099511627999
    race_test.go:141: Producer 0 failed to enqueue: memory limit exceeded: current=0, max=1048576, needed=1099511627999
    race_test.go:141: Producer 0 failed to enqueue: memory limit exceeded: current=0, max=1048576, needed=1099511627999
    race_test.go:141: Producer 0 failed to enqueue: memory limit exceeded: current=0, max=1048576, needed=1099511627999
    race_test.go:141: Producer 0 failed to enqueue: memory limit exceeded: current=0, max=1048576, needed=1099511627999
    race_test.go:141: Producer 0 failed to enqueue: memory limit exceeded: current=0, max=1048576, needed=1099511627999
    race_test.go:141: Producer 0 failed to enqueue: memory limit exceeded: current=0, max=1048576, needed=1099511627999
    race_test.go:141: Producer 0 failed to enqueue: memory limit exceeded: current=0, max=1048576, needed=1099511627999
    race_test.go:141: Producer 0 failed to enqueue: memory limit exceeded: current=0, max=1048576, needed=1099511627999
    race_test.go:141: Producer 0 failed to enqueue: memory limit exceeded: current=0, max=1048576, needed=1099511627999
    race_test.go:141: Producer 0 failed to enqueue: memory limit exceeded: current=0, max=1048576, needed=1099511627999
    race_test.go:141: Producer 0 failed to enqueue: memory limit exceeded: current=0, max=1048576, needed=1099511627999
    race_test.go:141: Producer 0 failed to enqueue: memory limit exceeded: current=0, max=1048576, needed=1099511627999
    race_test.go:141: Producer 0 failed to enqueue: memory limit exceeded: current=0, max=1048576, needed=1099511627999
    race_test.go:141: Producer 0 failed to enqueue: memory limit exceeded: current=0, max=1048576, needed=1099511627999
    race_test.go:141: Producer 0 failed to enqueue: memory limit exceeded: current=0, max=1048576, needed=1099511627999
    race_test.go:141: Producer 0 failed to enqueue: memory limit exceeded: current=0, max=1048576, needed=1099511627999
    race_test.go:141: Producer 0 failed to enqueue: memory limit exceeded: current=0, max=1048576, needed=1099511627999
    race_test.go:141: Producer 0 failed to enqueue: memory limit exceeded: current=0, max=1048576, needed=1099511627999
    race_test.go:141: Producer 0 failed to enqueue: memory limit exceeded: current=0, max=1048576, needed=1099511627999
    race_test.go:141: Producer 0 failed to enqueue: memory limit exceeded: current=0, max=1048576, needed=1099511627999
    race_test.go:141: Producer 0 failed to enqueue: memory limit exceeded: current=0, max=1048576, needed=1099511627999
    race_test.go:141: Producer 0 failed to enqueue: memory limit exceeded: current=0, max=1048576, needed=1099511627999
    race_test.go:141: Producer 0 failed to enqueue: memory limit exceeded: current=0, max=1048576, needed=1099511627999
    race_test.go:141: Producer 0 failed to enqueue: memory limit exceeded: current=0, max=1048576, needed=1099511627999
    race_test.go:141: Producer 0 failed to enqueue: memory limit exceeded: current=0, max=1048576, needed=1099511627999
    race_test.go:141: Producer 5 failed to enqueue: memory limit exceeded: current=0, max=1048576, needed=1099511627999
    race_test.go:141: Producer 8 failed to enqueue: memory limit exceeded: current=0, max=1048576, needed=1099511627999
    race_test.go:141: Producer 3 failed to enqueue: memory limit exceeded: current=0, max=1048576, needed=1099511627999
    race_test.go:141: Producer 8 failed to enqueue: memory limit exceeded: current=0, max=1048576, needed=1099511627999
    race_test.go:141: Producer 3 failed to enqueue: memory limit exceeded: current=0, max=1048576, needed=1099511627999
    race_test.go:141: Producer 5 failed to enqueue: memory limit exceeded: current=0, max=1048576, needed=1099511627999
    race_test.go:141: Producer 2 failed to enqueue: memory limit exceeded: current=0, max=1048576, needed=1099511627999
    race_test.go:141: Producer 1 failed to enqueue: memory limit exceeded: current=0, max=1048576, needed=1099511627999
    race_test.go:141: Producer 5 failed to enqueue: memory limit exceeded: current=0, max=1048576, needed=1099511627999
    race_test.go:141: Producer 2 failed to enqueue: memory limit exceeded: current=0, max=1048576, needed=1099511627999
    race_test.go:141: Producer 5 failed to enqueue: memory limit exceeded: current=0, max=1048576, needed=1099511627999
    race_test.go:141: Producer 7 failed to enqueue: memory limit exceeded: current=0, max=1048576, needed=1099511627999
    race_test.go:141: Producer 5 failed to enqueue: memory limit exceeded: current=0, max=1048576, needed=1099511627999
    race_test.go:141: Producer 7 failed to enqueue: memory limit exceeded: current=0, max=1048576, needed=1099511627999
    race_test.go:141: Producer 9 failed to enqueue: memory limit exceeded: current=0, max=1048576, needed=1099511627999
    race_test.go:141: Producer 0 failed to enqueue: memory limit exceeded: current=0, max=1048576, needed=1099511627999
    race_test.go:141: Producer 0 failed to enqueue: memory limit exceeded: current=0, max=1048576, needed=1099511627999
    race_test.go:141: Producer 6 failed to enqueue: memory limit exceeded: current=0, max=1048576, needed=1099511627999
    race_test.go:141: Producer 6 failed to enqueue: memory limit exceeded: current=0, max=1048576, needed=1099511627999
    race_test.go:141: Producer 6 failed to enqueue: memory limit exceeded: current=0, max=1048576, needed=1099511627999
    race_test.go:141: Producer 6 failed to enqueue: memory limit exceeded: current=0, max=1048576, needed=1099511627999
    race_test.go:141: Producer 6 failed to enqueue: memory limit exceeded: current=0, max=1048576, needed=1099511627999
    race_test.go:141: Producer 6 failed to enqueue: memory limit exceeded: current=0, max=1048576, needed=1099511627999
    race_test.go:141: Producer 6 failed to enqueue: memory limit exceeded: current=0, max=1048576, needed=1099511627999
    race_test.go:141: Producer 6 failed to enqueue: memory limit exceeded: current=0, max=1048576, needed=1099511627999
    race_test.go:141: Producer 8 failed to enqueue: memory limit exceeded: current=0, max=1048576, needed=1099511627999
    race_test.go:141: Producer 8 failed to enqueue: memory limit exceeded: current=0, max=1048576, needed=1099511627999
    race_test.go:141: Producer 8 failed to enqueue: memory limit exceeded: current=0, max=1048576, needed=1099511627999
    race_test.go:141: Producer 8 failed to enqueue: memory limit exceeded: current=0, max=1048576, needed=1099511627999
    race_test.go:141: Producer 8 failed to enqueue: memory limit exceeded: current=0, max=1048576, needed=1099511627999
    race_test.go:141: Producer 8 failed to enqueue: memory limit exceeded: current=0, max=1048576, needed=1099511627999
    race_test.go:141: Producer 8 failed to enqueue: memory limit exceeded: current=0, max=1048576, needed=1099511627999
    race_test.go:141: Producer 1 failed to enqueue: memory limit exceeded: current=0, max=1048576, needed=1099511627999
    race_test.go:141: Producer 3 failed to enqueue: memory limit exceeded: current=0, max=1048576, needed=1099511627999
    race_test.go:141: Producer 8 failed to enqueue: memory limit exceeded: current=0, max=1048576, needed=1099511627999
    race_test.go:141: Producer 1 failed to enqueue: memory limit exceeded: current=0, max=1048576, needed=1099511627999
    race_test.go:141: Producer 5 failed to enqueue: memory limit exceeded: current=0, max=1048576, needed=1099511627999
    race_test.go:141: Producer 3 failed to enqueue: memory limit exceeded: current=0, max=1048576, needed=1099511627999
    race_test.go:141: Producer 2 failed to enqueue: memory limit exceeded: current=0, max=1048576, needed=1099511627999
    race_test.go:141: Producer 1 failed to enqueue: memory limit exceeded: current=0, max=1048576, needed=1099511627999
    race_test.go:141: Producer 2 failed to enqueue: memory limit exceeded: current=0, max=1048576, needed=1099511627999
    race_test.go:141: Producer 5 failed to enqueue: memory limit exceeded: current=0, max=1048576, needed=1099511627999
    race_test.go:141: Producer 3 failed to enqueue: memory limit exceeded: current=0, max=1048576, needed=1099511627999
    race_test.go:141: Producer 1 failed to enqueue: memory limit exceeded: current=0, max=1048576, needed=1099511627999
    race_test.go:141: Producer 2 failed to enqueue: memory limit exceeded: current=0, max=1048576, needed=1099511627999
    race_test.go:141: Producer 2 failed to enqueue: memory limit exceeded: current=0, max=1048576, needed=1099511627999
    race_test.go:141: Producer 7 failed to enqueue: memory limit exceeded: current=0, max=1048576, needed=1099511627999
    race_test.go:141: Producer 9 failed to enqueue: memory limit exceeded: current=0, max=1048576, needed=1099511627999
    race_test.go:141: Producer 8 failed to enqueue: memory limit exceeded: current=0, max=1048576, needed=1099511627999
    race_test.go:141: Producer 9 failed to enqueue: memory limit exceeded: current=0, max=1048576, needed=1099511627999
    race_test.go:141: Producer 5 failed to enqueue: memory limit exceeded: current=0, max=1048576, needed=1099511627999
    race_test.go:141: Producer 5 failed to enqueue: memory limit exceeded: current=0, max=1048576, needed=1099511627999
    race_test.go:141: Producer 3 failed to enqueue: memory limit exceeded: current=0, max=1048576, needed=1099511627999
    race_test.go:141: Producer 3 failed to enqueue: memory limit exceeded: current=0, max=1048576, needed=1099511627999
    race_test.go:141: Producer 3 failed to enqueue: memory limit exceeded: current=0, max=1048576, needed=1099511627999
    race_test.go:141: Producer 3 failed to enqueue: memory limit exceeded: current=0, max=1048576, needed=1099511627999
    race_test.go:141: Producer 3 failed to enqueue: memory limit exceeded: current=0, max=1048576, needed=1099511627999
    race_test.go:141: Producer 3 failed to enqueue: memory limit exceeded: current=0, max=1048576, needed=1099511627999
    race_test.go:141: Producer 3 failed to enqueue: memory limit exceeded: current=0, max=1048576, needed=1099511627999
    race_test.go:141: Producer 3 failed to enqueue: memory limit exceeded: current=0, max=1048576, needed=1099511627999
    race_test.go:141: Producer 3 failed to enqueue: memory limit exceeded: current=0, max=1048576, needed=1099511627999
    race_test.go:141: Producer 3 failed to enqueue: memory limit exceeded: current=0, max=1048576, needed=1099511627999
    race_test.go:141: Producer 3 failed to enqueue: memory limit exceeded: current=0, max=1048576, needed=1099511627999
    race_test.go:141: Producer 3 failed to enqueue: memory limit exceeded: current=0, max=1048576, needed=1099511627999
    race_test.go:141: Producer 3 failed to enqueue: memory limit exceeded: current=0, max=1048576, needed=1099511627999
    race_test.go:141: Producer 3 failed to enqueue: memory limit exceeded: current=0, max=1048576, needed=1099511627999
    race_test.go:141: Producer 3 failed to enqueue: memory limit exceeded: current=0, max=1048576, needed=1099511627999
    race_test.go:141: Producer 3 failed to enqueue: memory limit exceeded: current=0, max=1048576, needed=1099511627999
    race_test.go:141: Producer 3 failed to enqueue: memory limit exceeded: current=0, max=1048576, needed=1099511627999
    race_test.go:141: Producer 3 failed to enqueue: memory limit exceeded: current=0, max=1048576, needed=1099511627999
    race_test.go:141: Producer 3 failed to enqueue: memory limit exceeded: current=0, max=1048576, needed=1099511627999
    race_test.go:141: Producer 1 failed to enqueue: memory limit exceeded: current=0, max=1048576, needed=1099511627999
    race_test.go:141: Producer 2 failed to enqueue: memory limit exceeded: current=0, max=1048576, needed=1099511627999
    race_test.go:141: Producer 2 failed to enqueue: memory limit exceeded: current=0, max=1048576, needed=1099511627999
    race_test.go:141: Producer 7 failed to enqueue: memory limit exceeded: current=0, max=1048576, needed=1099511627999
    race_test.go:141: Producer 8 failed to enqueue: memory limit exceeded: current=0, max=1048576, needed=1099511627999
    race_test.go:141: Producer 9 failed to enqueue: memory limit exceeded: current=0, max=1048576, needed=1099511627999
    race_test.go:141: Producer 3 failed to enqueue: memory limit exceeded: current=0, max=1048576, needed=1099511627999
    race_test.go:141: Producer 3 failed to enqueue: memory limit exceeded: current=0, max=1048576, needed=1099511627999
    race_test.go:141: Producer 3 failed to enqueue: memory limit exceeded: current=0, max=1048576, needed=1099511627999
    race_test.go:141: Producer 3 failed to enqueue: memory limit exceeded: current=0, max=1048576, needed=1099511627999
    race_test.go:141: Producer 1 failed to enqueue: memory limit exceeded: current=0, max=1048576, needed=1099511627999
    race_test.go:141: Producer 1 failed to enqueue: memory limit exceeded: current=0, max=1048576, needed=1099511627999
    race_test.go:141: Producer 1 failed to enqueue: memory limit exceeded: current=0, max=1048576, needed=1099511627999
    race_test.go:141: Producer 1 failed to enqueue: memory limit exceeded: current=0, max=1048576, needed=1099511627999
    race_test.go:141: Producer 1 failed to enqueue: memory limit exceeded: current=0, max=1048576, needed=1099511627999
    race_test.go:141: Producer 1 failed to enqueue: memory limit exceeded: current=0, max=1048576, needed=1099511627999
    race_test.go:141: Producer 1 failed to enqueue: memory limit exceeded: current=0, max=1048576, needed=1099511627999
    race_test.go:141: Producer 1 failed to enqueue: memory limit exceeded: current=0, max=1048576, needed=1099511627999
    race_test.go:141: Producer 1 failed to enqueue: memory limit exceeded: current=0, max=1048576, needed=1099511627999
    race_test.go:141: Producer 1 failed to enqueue: memory limit exceeded: current=0, max=1048576, needed=1099511627999
    race_test.go:141: Producer 1 failed to enqueue: memory limit exceeded: current=0, max=1048576, needed=1099511627999
    race_test.go:141: Producer 1 failed to enqueue: memory limit exceeded: current=0, max=1048576, needed=1099511627999
    race_test.go:141: Producer 1 failed to enqueue: memory limit exceeded: current=0, max=1048576, needed=1099511627999
    race_test.go:141: Producer 1 failed to enqueue: memory limit exceeded: current=0, max=1048576, needed=1099511627999
    race_test.go:141: Producer 1 failed to enqueue: memory limit exceeded: current=0, max=1048576, needed=1099511627999
    race_test.go:141: Producer 1 failed to enqueue: memory limit exceeded: current=0, max=1048576, needed=1099511627999
    race_test.go:141: Producer 1 failed to enqueue: memory limit exceeded: current=0, max=1048576, needed=1099511627999
    race_test.go:141: Producer 2 failed to enqueue: memory limit exceeded: current=0, max=1048576, needed=1099511627999
    race_test.go:141: Producer 2 failed to enqueue: memory limit exceeded: current=0, max=1048576, needed=1099511627999
    race_test.go:141: Producer 7 failed to enqueue: memory limit exceeded: current=0, max=1048576, needed=1099511627999
    race_test.go:141: Producer 8 failed to enqueue: memory limit exceeded: current=0, max=1048576, needed=1099511627999
    race_test.go:141: Producer 9 failed to enqueue: memory limit exceeded: current=0, max=1048576, needed=1099511627999
    race_test.go:141: Producer 2 failed to enqueue: memory limit exceeded: current=0, max=1048576, needed=1099511627999
    race_test.go:141: Producer 9 failed to enqueue: memory limit exceeded: current=0, max=1048576, needed=1099511627999
    race_test.go:141: Producer 2 failed to enqueue: memory limit exceeded: current=0, max=1048576, needed=1099511627999
    race_test.go:141: Producer 9 failed to enqueue: memory limit exceeded: current=0, max=1048576, needed=1099511627999
    race_test.go:141: Producer 2 failed to enqueue: memory limit exceeded: current=0, max=1048576, needed=1099511627999
    race_test.go:141: Producer 7 failed to enqueue: memory limit exceeded: current=0, max=1048576, needed=1099511627999
    race_test.go:141: Producer 2 failed to enqueue: memory limit exceeded: current=0, max=1048576, needed=1099511627999
    race_test.go:141: Producer 2 failed to enqueue: memory limit exceeded: current=0, max=1048576, needed=1099511627999
    race_test.go:141: Producer 2 failed to enqueue: memory limit exceeded: current=0, max=1048576, needed=1099511627999
    race_test.go:141: Producer 2 failed to enqueue: memory limit exceeded: current=0, max=1048576, needed=1099511627999
    race_test.go:141: Producer 2 failed to enqueue: memory limit exceeded: current=0, max=1048576, needed=1099511627999
    race_test.go:141: Producer 2 failed to enqueue: memory limit exceeded: current=0, max=1048576, needed=1099511627999
    race_test.go:141: Producer 2 failed to enqueue: memory limit exceeded: current=0, max=1048576, needed=1099511627999
    race_test.go:141: Producer 2 failed to enqueue: memory limit exceeded: current=0, max=1048576, needed=1099511627999
    race_test.go:141: Producer 2 failed to enqueue: memory limit exceeded: current=0, max=1048576, needed=1099511627999
    race_test.go:141: Producer 2 failed to enqueue: memory limit exceeded: current=0, max=1048576, needed=1099511627999
    race_test.go:141: Producer 2 failed to enqueue: memory limit exceeded: current=0, max=1048576, needed=1099511627999
    race_test.go:141: Producer 2 failed to enqueue: memory limit exceeded: current=0, max=1048576, needed=1099511627999
    race_test.go:141: Producer 2 failed to enqueue: memory limit exceeded: current=0, max=1048576, needed=1099511627999
    race_test.go:141: Producer 2 failed to enqueue: memory limit exceeded: current=0, max=1048576, needed=1099511627999
    race_test.go:141: Producer 2 failed to enqueue: memory limit exceeded: current=0, max=1048576, needed=1099511627999
    race_test.go:141: Producer 2 failed to enqueue: memory limit exceeded: current=0, max=1048576, needed=1099511627999
    race_test.go:141: Producer 2 failed to enqueue: memory limit exceeded: current=0, max=1048576, needed=1099511627999
    race_test.go:141: Producer 2 failed to enqueue: memory limit exceeded: current=0, max=1048576, needed=1099511627999
    race_test.go:141: Producer 2 failed to enqueue: memory limit exceeded: current=0, max=1048576, needed=1099511627999
    race_test.go:141: Producer 2 failed to enqueue: memory limit exceeded: current=0, max=1048576, needed=1099511627999
    race_test.go:141: Producer 2 failed to enqueue: memory limit exceeded: current=0, max=1048576, needed=1099511627999
    race_test.go:141: Producer 2 failed to enqueue: memory limit exceeded: current=0, max=1048576, needed=1099511627999
    race_test.go:141: Producer 2 failed to enqueue: memory limit exceeded: current=0, max=1048576, needed=1099511627999
    race_test.go:141: Producer 2 failed to enqueue: memory limit exceeded: current=0, max=1048576, needed=1099511627999
    race_test.go:141: Producer 2 failed to enqueue: memory limit exceeded: current=0, max=1048576, needed=1099511627999
    race_test.go:141: Producer 2 failed to enqueue: memory limit exceeded: current=0, max=1048576, needed=1099511627999
    race_test.go:141: Producer 7 failed to enqueue: memory limit exceeded: current=0, max=1048576, needed=1099511627999
    race_test.go:141: Producer 7 failed to enqueue: memory limit exceeded: current=0, max=1048576, needed=1099511627999
    race_test.go:141: Producer 7 failed to enqueue: memory limit exceeded: current=0, max=1048576, needed=1099511627999
    race_test.go:141: Producer 7 failed to enqueue: memory limit exceeded: current=0, max=1048576, needed=1099511627999
    race_test.go:141: Producer 9 failed to enqueue: memory limit exceeded: current=0, max=1048576, needed=1099511627999
    race_test.go:141: Producer 8 failed to enqueue: memory limit exceeded: current=0, max=1048576, needed=1099511627999
    race_test.go:141: Producer 7 failed to enqueue: memory limit exceeded: current=0, max=1048576, needed=1099511627999
    race_test.go:141: Producer 8 failed to enqueue: memory limit exceeded: current=0, max=1048576, needed=1099511627999
    race_test.go:141: Producer 8 failed to enqueue: memory limit exceeded: current=0, max=1048576, needed=1099511627999
    race_test.go:141: Producer 8 failed to enqueue: memory limit exceeded: current=0, max=1048576, needed=1099511627999
    race_test.go:141: Producer 8 failed to enqueue: memory limit exceeded: current=0, max=1048576, needed=1099511627999
    race_test.go:141: Producer 8 failed to enqueue: memory limit exceeded: current=0, max=1048576, needed=1099511627999
    race_test.go:141: Producer 8 failed to enqueue: memory limit exceeded: current=0, max=1048576, needed=1099511627999
    race_test.go:141: Producer 8 failed to enqueue: memory limit exceeded: current=0, max=1048576, needed=1099511627999
    race_test.go:141: Producer 8 failed to enqueue: memory limit exceeded: current=0, max=1048576, needed=1099511627999
    race_test.go:141: Producer 8 failed to enqueue: memory limit exceeded: current=0, max=1048576, needed=1099511627999
    race_test.go:141: Producer 8 failed to enqueue: memory limit exceeded: current=0, max=1048576, needed=1099511627999
    race_test.go:141: Producer 8 failed to enqueue: memory limit exceeded: current=0, max=1048576, needed=1099511627999
    race_test.go:141: Producer 8 failed to enqueue: memory limit exceeded: current=0, max=1048576, needed=1099511627999
    race_test.go:141: Producer 8 failed to enqueue: memory limit exceeded: current=0, max=1048576, needed=1099511627999
    race_test.go:141: Producer 8 failed to enqueue: memory limit exceeded: current=0, max=1048576, needed=1099511627999
    race_test.go:141: Producer 8 failed to enqueue: memory limit exceeded: current=0, max=1048576, needed=1099511627999
    race_test.go:141: Producer 8 failed to enqueue: memory limit exceeded: current=0, max=1048576, needed=1099511627999
    race_test.go:141: Producer 8 failed to enqueue: memory limit exceeded: current=0, max=1048576, needed=1099511627999
    race_test.go:141: Producer 8 failed to enqueue: memory limit exceeded: current=0, max=1048576, needed=1099511627999
    race_test.go:141: Producer 9 failed to enqueue: memory limit exceeded: current=0, max=1048576, needed=1099511627999
    race_test.go:141: Producer 9 failed to enqueue: memory limit exceeded: current=0, max=1048576, needed=1099511627999
    race_test.go:141: Producer 9 failed to enqueue: memory limit exceeded: current=0, max=1048576, needed=1099511627999
    race_test.go:141: Producer 9 failed to enqueue: memory limit exceeded: current=0, max=1048576, needed=1099511627999
    race_test.go:141: Producer 9 failed to enqueue: memory limit exceeded: current=0, max=1048576, needed=1099511627999
    race_test.go:141: Producer 9 failed to enqueue: memory limit exceeded: current=0, max=1048576, needed=1099511627999
    race_test.go:141: Producer 9 failed to enqueue: memory limit exceeded: current=0, max=1048576, needed=1099511627999
    race_test.go:141: Producer 9 failed to enqueue: memory limit exceeded: current=0, max=1048576, needed=1099511627999
    race_test.go:141: Producer 9 failed to enqueue: memory limit exceeded: current=0, max=1048576, needed=1099511627999
    race_test.go:141: Producer 9 failed to enqueue: memory limit exceeded: current=0, max=1048576, needed=1099511627999
    race_test.go:141: Producer 7 failed to enqueue: memory limit exceeded: current=0, max=1048576, needed=1099511627999
    race_test.go:141: Producer 9 failed to enqueue: memory limit exceeded: current=0, max=1048576, needed=1099511627999
    race_test.go:141: Producer 7 failed to enqueue: memory limit exceeded: current=0, max=1048576, needed=1099511627999
    race_test.go:141: Producer 9 failed to enqueue: memory limit exceeded: current=0, max=1048576, needed=1099511627999
    race_test.go:141: Producer 9 failed to enqueue: memory limit exceeded: current=0, max=1048576, needed=1099511627999
    race_test.go:141: Producer 7 failed to enqueue: memory limit exceeded: current=0, max=1048576, needed=1099511627999
    race_test.go:141: Producer 7 failed to enqueue: memory limit exceeded: current=0, max=1048576, needed=1099511627999
    race_test.go:141: Producer 7 failed to enqueue: memory limit exceeded: current=0, max=1048576, needed=1099511627999
    race_test.go:141: Producer 7 failed to enqueue: memory limit exceeded: current=0, max=1048576, needed=1099511627999
    race_test.go:141: Producer 7 failed to enqueue: memory limit exceeded: current=0, max=1048576, needed=1099511627999
    race_test.go:141: Producer 7 failed to enqueue: memory limit exceeded: current=0, max=1048576, needed=1099511627999
    race_test.go:141: Producer 7 failed to enqueue: memory limit exceeded: current=0, max=1048576, needed=1099511627999
    race_test.go:141: Producer 7 failed to enqueue: memory limit exceeded: current=0, max=1048576, needed=1099511627999
    race_test.go:141: Producer 7 failed to enqueue: memory limit exceeded: current=0, max=1048576, needed=1099511627999
    race_test.go:141: Producer 7 failed to enqueue: memory limit exceeded: current=0, max=1048576, needed=1099511627999
    race_test.go:141: Producer 7 failed to enqueue: memory limit exceeded: current=0, max=1048576, needed=1099511627999
    race_test.go:141: Producer 7 failed to enqueue: memory limit exceeded: current=0, max=1048576, needed=1099511627999
    race_test.go:141: Producer 7 failed to enqueue: memory limit exceeded: current=0, max=1048576, needed=1099511627999
    race_test.go:141: Producer 7 failed to enqueue: memory limit exceeded: current=0, max=1048576, needed=1099511627999
